Script started on Sun 30 Sep 2018 11:39:41 PM PDT
aperjump@aperjump-virtual-machine:~/Work/cs6210Project1_test/test/memory$ ls
[0m[01;32massignall.sh[0m  HowToDoTest.md  [01;32mmakeall.sh[0m   memory2.log  [01;32mruntest1.py[0m  [01;32mruntest3.py[0m
[01;32mcleanall.sh[0m   [01;32mkillall.py[0m      memory1.log  [01;32mmonitor.py[0m   [01;32mruntest2.py[0m  [01;34mtestcases[0m
aperjump@aperjump-virtual-machine:~/Work/cs6210Project1_test/test/memory$ python monitor.py 
vm1: 512.0 278.07421875
vm2: 512.0 277.4375
vm3: 512.0 277.75
vm4: 512.0 277.52734375
--------------------------------------------------------------------------------
total  :              4062776 KiB
free   :               987252 KiB
buffers:                 6792 KiB
cached :               332704 KiB


--------------------------------------------------------------------------------
vm1: 512.0 278.07421875
vm2: 512.0 277.4375
vm3: 512.0 277.75
vm4: 512.0 277.52734375
--------------------------------------------------------------------------------
total  :              4062776 KiB
free   :               987688 KiB
buffers:                 6792 KiB
cached :               332704 KiB


--------------------------------------------------------------------------------
vm1: 512.0 278.07421875
vm2: 512.0 277.4375
vm3: 512.0 277.75
vm4: 512.0 277.52734375
--------------------------------------------------------------------------------
total  :              4062776 KiB
free   :               988060 KiB
buffers:                 6800 KiB
cached :               332704 KiB


--------------------------------------------------------------------------------
vm1: 512.0 278.10546875
vm2: 512.0 277.4375
vm3: 512.0 277.75
vm4: 512.0 277.52734375
--------------------------------------------------------------------------------
total  :              4062776 KiB
free   :               968260 KiB
buffers:                 6840 KiB
cached :               337060 KiB


--------------------------------------------------------------------------------
vm1: 512.0 228.44921875
vm2: 512.0 225.78515625
vm3: 512.0 242.1796875
vm4: 512.0 230.7890625
--------------------------------------------------------------------------------
total  :              4062776 KiB
free   :               833048 KiB
buffers:                 6976 KiB
cached :               337548 KiB


--------------------------------------------------------------------------------
vm1: 637.7890625 290.8125
vm2: 637.7890625 311.8828125
vm3: 637.7890625 312.30859375
vm4: 637.7890625 280.83203125
--------------------------------------------------------------------------------
total  :              4062776 KiB
free   :               620240 KiB
buffers:                 6992 KiB
cached :               303540 KiB


--------------------------------------------------------------------------------
vm1: 637.7890625 216.703125
vm2: 637.7890625 241.6484375
vm3: 637.7890625 235.171875
vm4: 637.7890625 207.328125
--------------------------------------------------------------------------------
total  :              4062776 KiB
free   :               497456 KiB
buffers:                 6944 KiB
cached :               291484 KiB


--------------------------------------------------------------------------------
vm1: 653.265625 184.12890625
vm2: 653.265625 192.7578125
vm3: 653.265625 198.23828125
vm4: 653.265625 157.6796875
--------------------------------------------------------------------------------
total  :              4062776 KiB
free   :               386248 KiB
buffers:                 6764 KiB
cached :               270984 KiB


--------------------------------------------------------------------------------
vm1: 653.265625 131.36328125
vm2: 653.265625 141.4140625
vm3: 653.265625 153.34375
vm4: 653.265625 108.03125
--------------------------------------------------------------------------------
total  :              4062776 KiB
free   :               447948 KiB
buffers:                 3912 KiB
cached :               225292 KiB


--------------------------------------------------------------------------------
vm1: 653.265625 67.0625
vm2: 653.265625 84.12890625
vm3: 653.265625 88.921875
vm4: 653.265625 73.15234375
--------------------------------------------------------------------------------
total  :              4062776 KiB
free   :               273780 KiB
buffers:                 1344 KiB
cached :               217292 KiB


--------------------------------------------------------------------------------
vm1: 653.265625 79.60546875
vm2: 653.265625 71.78125
vm3: 653.265625 71.2421875
vm4: 653.265625 73.4609375
--------------------------------------------------------------------------------
total  :              4062776 KiB
free   :               273744 KiB
buffers:                 1344 KiB
cached :               217500 KiB


--------------------------------------------------------------------------------
vm1: 653.265625 525.63671875
vm2: 653.265625 67.70703125
vm3: 653.265625 65.234375
vm4: 653.265625 525.0703125
--------------------------------------------------------------------------------
total  :              4062776 KiB
free   :               278040 KiB
buffers:                 1344 KiB
cached :               230608 KiB


--------------------------------------------------------------------------------
vm1: 471.66015625 344.25390625
vm2: 471.66015625 344.3203125
vm3: 471.66015625 344.26171875
vm4: 471.66015625 343.828125
--------------------------------------------------------------------------------
total  :              4062776 KiB
free   :               529736 KiB
buffers:                 1360 KiB
cached :               236008 KiB


--------------------------------------------------------------------------------
vm1: 471.66015625 344.25390625
vm2: 471.66015625 344.078125
vm3: 471.66015625 344.26171875
vm4: 471.66015625 343.828125
--------------------------------------------------------------------------------
total  :              4062776 KiB
free   :               529440 KiB
buffers:                 1368 KiB
cached :               236460 KiB


--------------------------------------------------------------------------------
vm1: 410.66015625 344.01171875
vm2: 399.66015625 344.078125
vm3: 409.66015625 344.01953125
vm4: 397.66015625 343.70703125
--------------------------------------------------------------------------------
total  :              4062776 KiB
free   :               835952 KiB
buffers:                 1368 KiB
cached :               237224 KiB


--------------------------------------------------------------------------------
vm1: 344.53515625 216.86328125
vm2: 344.53515625 216.9296875
vm3: 344.53515625 216.87109375
vm4: 344.53515625 216.55859375
--------------------------------------------------------------------------------
total  :              4062776 KiB
free   :              1047320 KiB
buffers:                 1376 KiB
cached :               237248 KiB


--------------------------------------------------------------------------------
vm1: 344.53515625 216.86328125
vm2: 344.53515625 216.9296875
vm3: 344.53515625 216.87109375
vm4: 344.53515625 216.55859375
--------------------------------------------------------------------------------
total  :              4062776 KiB
free   :              1047588 KiB
buffers:                 1384 KiB
cached :               237360 KiB


--------------------------------------------------------------------------------
vm1: 300.0 172.30078125
vm2: 300.0 172.3984375
vm3: 300.0 172.30859375
vm4: 300.0 171.99609375
--------------------------------------------------------------------------------
total  :              4062776 KiB
free   :              1226196 KiB
buffers:                 1384 KiB
cached :               237404 KiB


--------------------------------------------------------------------------------
vm1: 300.0 172.33203125
vm2: 300.0 172.3984375
vm3: 300.0 172.33984375
vm4: 300.0 171.99609375
--------------------------------------------------------------------------------
total  :              4062776 KiB
free   :              1226060 KiB
buffers:                 1384 KiB
cached :               237748 KiB


--------------------------------------------------------------------------------
vm1: 300.0 172.08984375
vm2: 300.0 172.15625
vm3: 300.0 172.21875
vm4: 300.0 171.875
--------------------------------------------------------------------------------
total  :              4062776 KiB
free   :              1226024 KiB
buffers:                 1392 KiB
cached :               238072 KiB


--------------------------------------------------------------------------------
vm1: 300.0 172.08984375
vm2: 300.0 172.15625
vm3: 300.0 172.21875
vm4: 300.0 171.875
--------------------------------------------------------------------------------
total  :              4062776 KiB
free   :              1226032 KiB
buffers:                 1392 KiB
cached :               238072 KiB


--------------------------------------------------------------------------------
vm1: 300.0 169.66796875
vm2: 300.0 172.15625
vm3: 300.0 172.21875
vm4: 300.0 171.90625
--------------------------------------------------------------------------------
total  :              4062776 KiB
free   :              1226068 KiB
buffers:                 1392 KiB
cached :               238116 KiB


--------------------------------------------------------------------------------
vm1: 300.0 169.66796875
vm2: 300.0 169.734375
vm3: 300.0 169.796875
vm4: 300.0 169.484375
--------------------------------------------------------------------------------
total  :              4062776 KiB
free   :              1225568 KiB
buffers:                 1400 KiB
cached :               238132 KiB


--------------------------------------------------------------------------------
vm1: 300.0 169.66796875
vm2: 300.0 169.734375
vm3: 300.0 169.796875
vm4: 300.0 169.484375
--------------------------------------------------------------------------------
total  :              4062776 KiB
free   :              1225184 KiB
buffers:                 1400 KiB
cached :               238136 KiB


--------------------------------------------------------------------------------
vm1: 300.0 169.66796875
vm2: 300.0 169.734375
vm3: 300.0 169.796875
vm4: 300.0 169.484375
--------------------------------------------------------------------------------
total  :              4062776 KiB
free   :              1225192 KiB
buffers:                 1400 KiB
cached :               238136 KiB


--------------------------------------------------------------------------------
^Z
[1]+  Stopped                 python monitor.py
aperjump@aperjump-virtual-machine:~/Work/cs6210Project1_test/test/memory$ ls
[0m[01;32massignall.sh[0m  HowToDoTest.md  [01;32mmakeall.sh[0m   memory2.log  [01;32mruntest1.py[0m  [01;32mruntest3.py[0m
[01;32mcleanall.sh[0m   [01;32mkillall.py[0m      memory1.log  [01;32mmonitor.py[0m   [01;32mruntest2.py[0m  [01;34mtestcases[0m
aperjump@aperjump-virtual-machine:~/Work/cs6210Project1_test/test/memory$ l[Kls
[0m[01;32massignall.sh[0m  HowToDoTest.md  [01;32mmakeall.sh[0m   memory2.log  [01;32mruntest1.py[0m  [01;32mruntest3.py[0m
[01;32mcleanall.sh[0m   [01;32mkillall.py[0m      memory1.log  [01;32mmonitor.py[0m   [01;32mruntest2.py[0m  [01;34mtestcases[0m
aperjump@aperjump-virtual-machine:~/Work/cs6210Project1_test/test/memory$ cd testcases/
aperjump@aperjump-virtual-machine:~/Work/cs6210Project1_test/test/memory/testcases$ ls
[0m[01;34m1[0m  [01;34m2[0m  [01;34m3[0m
aperjump@aperjump-virtual-machine:~/Work/cs6210Project1_test/test/memory/testcases$ cd 2/
aperjump@aperjump-virtual-machine:~/Work/cs6210Project1_test/test/memory/testcases/2$ ls
Makefile  README.md  [0m[01;32mrun[0m  run.cpp
aperjump@aperjump-virtual-machine:~/Work/cs6210Project1_test/test/memory/testcases/2$ vi README.md 
[?1000h[?1049h[?1h=[1;33r[34l[34h[?25h[23m[24m[0m[38;5;252m[48;5;233m[?25l[33;1H"README.md"                                                                                          [33;13H10L, 395C
                                                                                                     [33;1H[97m[41mError detected while processing function gutentags#setup_gutentags[53]..gutentags#ctags#init:[0m[38;5;252m[48;5;233m
                                                                                                     [33;1H[93mline   19:[0m[38;5;252m[48;5;233m
                                                                                                     [33;1H[97m[41mExecutable 'ctags' can't be found. Gutentags will be disabled. You can re-enable it by setting g:gut[0m[38;5;252m[48;5;233m
                                                                                                     [32;101H[97m[41me[33;1Hntags_enabled back to 1.[?1000l[0m[38;5;252m[48;5;233m
                                                                                                     [33;1H[38;5;121mPress ENTER or type command to continue[34h[?25h[?1000h[0m[38;5;252m[48;5;233m[1;1H[5L[?25l[1;1H[38;5;208m  1 [0m[38;5;252m[48;5;233m[38;5;241m[48;5;234m###[0m[38;5;252m[48;5;233m[38;5;166m[48;5;234m The first stage[0m[38;5;252m[48;5;233m[48;5;234m                                                                              [0m[38;5;252m[48;5;233m[2;1H[38;5;250m[48;5;236m  2 [0m[38;5;252m[48;5;233m                                                                                                 [3;1H[38;5;250m[48;5;236m  3 [0m[38;5;252m[48;5;233m[1m[38;5;161m1.[0m[38;5;252m[48;5;233m All virtual machines consume memory gradually.                                                [4;1H[38;5;250m[48;5;236m  4 [0m[38;5;252m[48;5;233m[1m[38;5;161m2.[0m[38;5;252m[48;5;233m All virtual machines start from 512MB                                                         [5;1H[38;5;250m[48;5;236m  5 [0m[38;5;252m[48;5;233m[1m[38;5;161m3.[0m[38;5;252m[48;5;233m [7m__[0m[38;5;252m[48;5;233m[1mExpected outcome[0m[38;5;252m[48;5;233m[7m__[0m[38;5;252m[48;5;233m: all virtual machines gain more and more memory. At the end each virtual  [6;1H[38;5;250m[48;5;236m    [0m[38;5;252m[48;5;233mmachine should have similar memory balloon size.                                                 [7;1H[38;5;250m[48;5;236m  6 [0m[38;5;252m[48;5;233m                                                                                                 [8;1H[38;5;250m[48;5;236m  7 [0m[38;5;252m[48;5;233m[38;5;241m###[0m[38;5;252m[48;5;233m[38;5;166m The second stage[0m[38;5;252m[48;5;233m                                                                             [9;1H[38;5;250m[48;5;236m  8 [0m[38;5;252m[48;5;233m                                                                                                 [10;1H[38;5;250m[48;5;236m  9 [0m[38;5;252m[48;5;233m[1m[38;5;161m1.[0m[38;5;252m[48;5;233m All virtual machines free memory.                                                             [11;1H[38;5;250m[48;5;236m 10 [0m[38;5;252m[48;5;233m[1m[38;5;161m2.[0m[38;5;252m[48;5;233m [7m__[0m[38;5;252m[48;5;233m[1mExpected outcome[0m[38;5;252m[48;5;233m[7m__[0m[38;5;252m[48;5;233m: all virtual machines give memory resources to host.                     [12;1H[38;5;59m~                                                                                                    [13;1H~                                                                                                    [14;1H~                                                                                                    [15;1H~                                                                                                    [16;1H~                                                                                                    [17;1H~                                                                                                    [18;1H~                                                                                                    [19;1H~                                                                                                    [20;1H~                                                                                                    [21;1H~                                                                                                    [22;1H~                                                                                                    [23;1H~                                                                                                    [24;1H~                                                                                                    [25;1H~                                                                                                    [26;1H~                                                                                                    [27;1H~                                                                                                    [28;1H~                                                                                                    [29;1H~                                                                                                    [30;1H~                                                                                                    [31;1H~                                                                                                    [0m[38;5;252m[48;5;233m[32;1H[1m[7m[38;5;238m[48;5;253mREADME.md                                                                          1,1            All[0m[38;5;252m[48;5;233m[33;1H                     [1;5H[34h[?25h[?25l[33;1H:[34h[?25h[?25l[1;5H[34h[?25h[?25l[33;1H :[34h[?25hq[?25l[34h[?25h[?25l[?1000l[33;1H[K[33;1H[?1l>[34h[?25h[?1049laperjump@aperjump-virtual-machine:~/Work/cs6210Project1_test/test/memory/testcases/2$ s[Kls
Makefile  README.md  [0m[01;32mrun[0m  run.cpp
aperjump@aperjump-virtual-machine:~/Work/cs6210Project1_test/test/memory/testcases/2$ cd ../..
aperjump@aperjump-virtual-machine:~/Work/cs6210Project1_test/test/memory$ ls
[0m[01;32massignall.sh[0m  HowToDoTest.md  [01;32mmakeall.sh[0m   memory2.log  [01;32mruntest1.py[0m  [01;32mruntest3.py[0m
[01;32mcleanall.sh[0m   [01;32mkillall.py[0m      memory1.log  [01;32mmonitor.py[0m   [01;32mruntest2.py[0m  [01;34mtestcases[0m
aperjump@aperjump-virtual-machine:~/Work/cs6210Project1_test/test/memory$ script memory3.log
Script started, file is memory3.log
aperjump@aperjump-virtual-machine:~/Work/cs6210Project1_test/test/memory$ python monitor.py 
vm1: 512.0 277.6796875
vm2: 512.0 277.94921875
vm3: 512.0 277.5078125
vm4: 512.0 277.7734375
--------------------------------------------------------------------------------
total  :              4062776 KiB
free   :              1032836 KiB
buffers:                 5920 KiB
cached :               326124 KiB


--------------------------------------------------------------------------------
vm1: 512.0 277.7109375
vm2: 512.0 277.98046875
vm3: 512.0 277.5078125
vm4: 512.0 277.7734375
--------------------------------------------------------------------------------
total  :              4062776 KiB
free   :              1032156 KiB
buffers:                 5920 KiB
cached :               326124 KiB


--------------------------------------------------------------------------------
vm1: 512.0 277.7109375
vm2: 512.0 277.98046875
vm3: 512.0 277.5078125
vm4: 512.0 277.7734375
--------------------------------------------------------------------------------
total  :              4062776 KiB
free   :              1027140 KiB
buffers:                 6212 KiB
cached :               327220 KiB


--------------------------------------------------------------------------------
vm1: 512.0 208.8515625
vm2: 512.0 204.6640625
vm3: 512.0 220.98046875
vm4: 512.0 240.40625
--------------------------------------------------------------------------------
total  :              4062776 KiB
free   :               802932 KiB
buffers:                 6212 KiB
cached :               327584 KiB


--------------------------------------------------------------------------------
vm1: 512.0 136.4375
vm2: 512.0 129.98046875
vm3: 512.0 142.26953125
vm4: 512.0 161.453125
--------------------------------------------------------------------------------
total  :              4062776 KiB
free   :               690268 KiB
buffers:                 6348 KiB
cached :               291836 KiB


--------------------------------------------------------------------------------
vm1: 584.55859375 139.94921875
vm2: 584.55859375 133.0390625
vm3: 584.55859375 149.56640625
vm4: 584.55859375 165.328125
--------------------------------------------------------------------------------
total  :              4062776 KiB
free   :               420284 KiB
buffers:                 6356 KiB
cached :               286084 KiB


--------------------------------------------------------------------------------
vm1: 584.55859375 74.921875
vm2: 584.55859375 70.0703125
vm3: 584.55859375 85.75
vm4: 584.55859375 95.97265625
--------------------------------------------------------------------------------
total  :              4062776 KiB
free   :               190872 KiB
buffers:                 6356 KiB
cached :               286124 KiB


--------------------------------------------------------------------------------
vm1: 584.55859375 70.47265625
vm2: 584.55859375 72.421875
vm3: 584.55859375 71.734375
vm4: 584.55859375 73.3203125
--------------------------------------------------------------------------------
total  :              4062776 KiB
free   :               176500 KiB
buffers:                 6356 KiB
cached :               286092 KiB


--------------------------------------------------------------------------------
vm1: 584.55859375 459.9921875
vm2: 584.55859375 456.74609375
vm3: 584.55859375 70.91015625
vm4: 584.55859375 67.03125
--------------------------------------------------------------------------------
total  :              4062776 KiB
free   :               145608 KiB
buffers:                 6364 KiB
cached :               304548 KiB


--------------------------------------------------------------------------------
vm1: 584.55859375 456.77734375
vm2: 584.55859375 456.50390625
vm3: 584.55859375 456.60546875
vm4: 584.55859375 456.84765625
--------------------------------------------------------------------------------
total  :              4062776 KiB
free   :               150848 KiB
buffers:                 6364 KiB
cached :               304572 KiB


--------------------------------------------------------------------------------
vm1: 423.5625 296.12890625
vm2: 423.5625 295.55078125
vm3: 423.5625 295.44921875
vm4: 423.5625 296.34765625
--------------------------------------------------------------------------------
total  :              4062776 KiB
free   :               314968 KiB
buffers:                 6372 KiB
cached :               304704 KiB


--------------------------------------------------------------------------------
vm1: 423.5625 296.12890625
vm2: 423.5625 295.4296875
vm3: 423.5625 295.44921875
vm4: 423.5625 295.62109375
--------------------------------------------------------------------------------
total  :              4062776 KiB
free   :               314340 KiB
buffers:                 6372 KiB
cached :               305064 KiB


--------------------------------------------------------------------------------
vm1: 310.8671875 183.1796875
vm2: 310.8671875 182.8125
vm3: 310.8671875 295.328125
vm4: 310.8671875 182.8828125
--------------------------------------------------------------------------------
total  :              4062776 KiB
free   :               772568 KiB
buffers:                 6372 KiB
cached :               305628 KiB


--------------------------------------------------------------------------------
vm1: 310.8671875 183.1796875
vm2: 310.8671875 182.72265625
vm3: 310.8671875 182.7109375
vm4: 310.8671875 182.8828125
--------------------------------------------------------------------------------
total  :              4062776 KiB
free   :               772512 KiB
buffers:                 6380 KiB
cached :               306000 KiB


--------------------------------------------------------------------------------
vm1: 310.8671875 183.1796875
vm2: 310.8671875 182.72265625
vm3: 310.8671875 182.58984375
vm4: 310.8671875 182.8828125
--------------------------------------------------------------------------------
total  :              4062776 KiB
free   :               772052 KiB
buffers:                 6388 KiB
cached :               306500 KiB


--------------------------------------------------------------------------------
vm1: 310.8671875 183.1796875
vm2: 310.8671875 182.72265625
vm3: 310.8671875 182.58984375
vm4: 310.8671875 182.76171875
--------------------------------------------------------------------------------
total  :              4062776 KiB
free   :               771468 KiB
buffers:                 6388 KiB
cached :               306544 KiB


--------------------------------------------------------------------------------
vm1: 310.8671875 183.1796875
vm2: 310.8671875 182.72265625
vm3: 310.8671875 182.58984375
vm4: 310.8671875 182.76171875
--------------------------------------------------------------------------------
total  :              4062776 KiB
free   :               771564 KiB
buffers:                 6396 KiB
cached :               306592 KiB


--------------------------------------------------------------------------------
vm1: 310.8671875 183.1796875
vm2: 310.8671875 182.72265625
vm3: 310.8671875 182.62109375
vm4: 310.8671875 182.79296875
--------------------------------------------------------------------------------
total  :              4062776 KiB
free   :               771424 KiB
buffers:                 6404 KiB
cached :               306636 KiB


--------------------------------------------------------------------------------
vm1: 310.8671875 183.1796875
vm2: 310.8671875 182.72265625
vm3: 310.8671875 182.62109375
vm4: 310.8671875 182.79296875
--------------------------------------------------------------------------------
total  :              4062776 KiB
free   :               771440 KiB
buffers:                 6404 KiB
cached :               306636 KiB


--------------------------------------------------------------------------------
vm1: 310.8671875 183.1796875
vm2: 310.8671875 182.72265625
vm3: 310.8671875 182.62109375
vm4: 310.8671875 182.79296875
--------------------------------------------------------------------------------
total  :              4062776 KiB
free   :               771936 KiB
buffers:                 6404 KiB
cached :               306636 KiB


--------------------------------------------------------------------------------
vm1: 310.8671875 183.1796875
vm2: 310.8671875 182.72265625
vm3: 310.8671875 182.62109375
vm4: 310.8671875 182.79296875
--------------------------------------------------------------------------------
total  :              4062776 KiB
free   :               772096 KiB
buffers:                 6412 KiB
cached :               306640 KiB


--------------------------------------------------------------------------------
vm1: 310.8671875 180.87890625
vm2: 310.8671875 182.72265625
vm3: 310.8671875 182.62109375
vm4: 310.8671875 182.79296875
--------------------------------------------------------------------------------
total  :              4062776 KiB
free   :               772160 KiB
buffers:                 6412 KiB
cached :               306672 KiB


--------------------------------------------------------------------------------
vm1: 310.8671875 180.66796875
vm2: 310.8671875 180.1796875
vm3: 310.8671875 182.5
vm4: 310.8671875 182.671875
--------------------------------------------------------------------------------
total  :              4062776 KiB
free   :               772048 KiB
buffers:                 6412 KiB
cached :               306704 KiB


--------------------------------------------------------------------------------
vm1: 310.8671875 180.66796875
vm2: 310.8671875 180.1796875
vm3: 310.8671875 180.078125
vm4: 310.8671875 180.37109375
--------------------------------------------------------------------------------
total  :              4062776 KiB
free   :               772312 KiB
buffers:                 6420 KiB
cached :               306708 KiB


--------------------------------------------------------------------------------
vm1: 310.8671875 180.546875
vm2: 310.8671875 180.2109375
vm3: 310.8671875 180.078125
vm4: 310.8671875 180.37109375
--------------------------------------------------------------------------------
total  :              4062776 KiB
free   :               772348 KiB
buffers:                 6420 KiB
cached :               306708 KiB


--------------------------------------------------------------------------------
vm1: 310.8671875 180.47265625
vm2: 310.8671875 180.2109375
vm3: 310.8671875 180.078125
vm4: 310.8671875 180.37109375
--------------------------------------------------------------------------------
total  :              4062776 KiB
free   :               772120 KiB
buffers:                 6420 KiB
cached :               306708 KiB


--------------------------------------------------------------------------------
vm1: 310.8671875 180.47265625
vm2: 310.8671875 180.13671875
vm3: 310.8671875 180.109375
vm4: 310.8671875 180.37109375
--------------------------------------------------------------------------------
total  :              4062776 KiB
free   :               771996 KiB
buffers:                 6428 KiB
cached :               306708 KiB


--------------------------------------------------------------------------------
vm1: 310.8671875 180.47265625
vm2: 310.8671875 180.13671875
vm3: 310.8671875 180.02734375
vm4: 310.8671875 180.40234375
--------------------------------------------------------------------------------
total  :              4062776 KiB
free   :               771828 KiB
buffers:                 6428 KiB
cached :               306724 KiB


--------------------------------------------------------------------------------
vm1: 310.8671875 180.47265625
vm2: 310.8671875 180.13671875
vm3: 310.8671875 180.03515625
vm4: 310.8671875 180.328125
--------------------------------------------------------------------------------
total  :              4062776 KiB
free   :               771996 KiB
buffers:                 6428 KiB
cached :               306748 KiB


--------------------------------------------------------------------------------
vm1: 310.8671875 180.47265625
vm2: 310.8671875 180.13671875
vm3: 310.8671875 180.03515625
vm4: 310.8671875 180.328125
--------------------------------------------------------------------------------
total  :              4062776 KiB
free   :               772124 KiB
buffers:                 6436 KiB
cached :               306744 KiB


--------------------------------------------------------------------------------
o ^Z
[1]+  Stopped                 python monitor.py
aperjump@aperjump-virtual-machine:~/Work/cs6210Project1_test/test/memory$ ls
[0m[01;32massignall.sh[0m  HowToDoTest.md  [01;32mmakeall.sh[0m   memory2.log  [01;32mmonitor.py[0m   [01;32mruntest2.py[0m  [01;34mtestcases[0m
[01;32mcleanall.sh[0m   [01;32mkillall.py[0m      memory1.log  memory3.log  [01;32mruntest1.py[0m  [01;32mruntest3.py[0m
aperjump@aperjump-virtual-machine:~/Work/cs6210Project1_test/test/memory$ rm memory3.log 
aperjump@aperjump-virtual-machine:~/Work/cs6210Project1_test/test/memory$ ls
[0m[01;32massignall.sh[0m  HowToDoTest.md  [01;32mmakeall.sh[0m   memory2.log  [01;32mruntest1.py[0m  [01;32mruntest3.py[0m
[01;32mcleanall.sh[0m   [01;32mkillall.py[0m      memory1.log  [01;32mmonitor.py[0m   [01;32mruntest2.py[0m  [01;34mtestcases[0m
aperjump@aperjump-virtual-machine:~/Work/cs6210Project1_test/test/memory$ lsrm memory3.log ls[K[Kls[K[Kscript memory3.log
Script started, file is memory3.log
aperjump@aperjump-virtual-machine:~/Work/cs6210Project1_test/test/memory$ ls
[0m[01;32massignall.sh[0m  HowToDoTest.md  [01;32mmakeall.sh[0m   memory2.log  [01;32mmonitor.py[0m   [01;32mruntest2.py[0m  [01;34mtestcases[0m
[01;32mcleanall.sh[0m   [01;32mkillall.py[0m      memory1.log  memory3.log  [01;32mruntest1.py[0m  [01;32mruntest3.py[0m
aperjump@aperjump-virtual-machine:~/Work/cs6210Project1_test/test/memory$ python me[Konitor.py 
vm1: 512.0 275.21875
vm2: 512.0 275.1015625
vm3: 512.0 275.0625
vm4: 512.0 277.40234375
--------------------------------------------------------------------------------
total  :              4062776 KiB
free   :               982872 KiB
buffers:                 7360 KiB
cached :               330524 KiB


--------------------------------------------------------------------------------
vm1: 512.0 275.25
vm2: 512.0 275.1015625
vm3: 512.0 275.0625
vm4: 512.0 277.28125
--------------------------------------------------------------------------------
total  :              4062776 KiB
free   :               981880 KiB
buffers:                 7360 KiB
cached :               330600 KiB


--------------------------------------------------------------------------------
vm1: 512.0 275.25
vm2: 512.0 275.1015625
vm3: 512.0 275.0625
vm4: 512.0 277.28125
--------------------------------------------------------------------------------
total  :              4062776 KiB
free   :               981712 KiB
buffers:                 7368 KiB
cached :               330668 KiB


--------------------------------------------------------------------------------
vm1: 512.0 247.91015625
vm2: 512.0 247.52734375
vm3: 512.0 259.46875
vm4: 512.0 262.99609375
--------------------------------------------------------------------------------
total  :              4062776 KiB
free   :               930524 KiB
buffers:                 7368 KiB
cached :               331192 KiB


--------------------------------------------------------------------------------
vm1: 635.7421875 300.46484375
vm2: 635.7421875 299.83984375
vm3: 635.7421875 308.6328125
vm4: 635.7421875 314.13671875
--------------------------------------------------------------------------------
total  :              4062776 KiB
free   :               619288 KiB
buffers:                 7376 KiB
cached :               314152 KiB


--------------------------------------------------------------------------------
vm1: 635.7421875 226.35546875
vm2: 635.7421875 223.9140625
vm3: 635.7421875 229.34765625
vm4: 635.7421875 236.03125
--------------------------------------------------------------------------------
total  :              4062776 KiB
free   :               543896 KiB
buffers:                 7256 KiB
cached :               277292 KiB


--------------------------------------------------------------------------------
vm1: 657.9375 186.2734375
vm2: 657.9375 188.67578125
vm3: 657.9375 164.5625
vm4: 657.9375 173.66796875
--------------------------------------------------------------------------------
total  :              4062776 KiB
free   :               380240 KiB
buffers:                 6644 KiB
cached :               273352 KiB


--------------------------------------------------------------------------------
vm1: 657.9375 130.8125
vm2: 657.9375 143.5078125
vm3: 657.9375 131.50390625
vm4: 657.9375 152.11328125
--------------------------------------------------------------------------------
total  :              4062776 KiB
free   :               291760 KiB
buffers:                 6648 KiB
cached :               271032 KiB


--------------------------------------------------------------------------------
vm1: 657.9375 71.11328125
vm2: 657.9375 86.71484375
vm3: 657.9375 65.14453125
vm4: 657.9375 97.7421875
--------------------------------------------------------------------------------
total  :              4062776 KiB
free   :               112028 KiB
buffers:                 5812 KiB
cached :               260460 KiB


--------------------------------------------------------------------------------
vm1: 657.9375 72.71875
vm2: 657.9375 74.36328125
vm3: 657.9375 74.15234375
vm4: 657.9375 72.3125
--------------------------------------------------------------------------------
total  :              4062776 KiB
free   :               129208 KiB
buffers:                 5812 KiB
cached :               253204 KiB


--------------------------------------------------------------------------------
vm1: 657.9375 539.390625
vm2: 657.9375 69.2421875
vm3: 657.9375 529.98046875
vm4: 657.9375 73.04296875
--------------------------------------------------------------------------------
total  :              4062776 KiB
free   :               131104 KiB
buffers:                 5812 KiB
cached :               267396 KiB


--------------------------------------------------------------------------------
vm1: 474.9296875 432.70703125
vm2: 474.9296875 410.86328125
vm3: 474.9296875 530.484375
vm4: 474.9296875 530.328125
--------------------------------------------------------------------------------
total  :              4062776 KiB
free   :               363132 KiB
buffers:                 5820 KiB
cached :               273220 KiB


--------------------------------------------------------------------------------
vm1: 474.9296875 345.76171875
vm2: 474.9296875 345.48046875
vm3: 474.9296875 345.5546875
vm4: 474.9296875 347.69921875
--------------------------------------------------------------------------------
total  :              4062776 KiB
free   :               363380 KiB
buffers:                 5820 KiB
cached :               273220 KiB


--------------------------------------------------------------------------------
vm1: 474.9296875 345.76171875
vm2: 474.9296875 345.48046875
vm3: 474.9296875 345.5859375
vm4: 474.9296875 347.69921875
--------------------------------------------------------------------------------
total  :              4062776 KiB
free   :               362728 KiB
buffers:                 5828 KiB
cached :               273264 KiB


--------------------------------------------------------------------------------
vm1: 346.82421875 217.64453125
vm2: 346.82421875 217.36328125
vm3: 346.82421875 217.46875
vm4: 346.82421875 217.28125
--------------------------------------------------------------------------------
total  :              4062776 KiB
free   :               885544 KiB
buffers:                 5828 KiB
cached :               273272 KiB


--------------------------------------------------------------------------------
vm1: 346.82421875 217.328125
vm2: 346.82421875 217.36328125
vm3: 346.82421875 217.46875
vm4: 346.82421875 217.28125
--------------------------------------------------------------------------------
total  :              4062776 KiB
free   :               884968 KiB
buffers:                 5828 KiB
cached :               273604 KiB


--------------------------------------------------------------------------------
vm1: 300.0 170.5859375
vm2: 300.0 170.546875
vm3: 300.0 217.46875
vm4: 300.0 217.28125
--------------------------------------------------------------------------------
total  :              4062776 KiB
free   :              1071028 KiB
buffers:                 5836 KiB
cached :               273604 KiB


--------------------------------------------------------------------------------
vm1: 300.0 170.5859375
vm2: 300.0 170.546875
vm3: 300.0 170.41796875
vm4: 300.0 170.328125
--------------------------------------------------------------------------------
total  :              4062776 KiB
free   :              1070844 KiB
buffers:                 5836 KiB
cached :               273608 KiB


--------------------------------------------------------------------------------
vm1: 300.0 170.5859375
vm2: 300.0 170.578125
vm3: 300.0 170.41796875
vm4: 300.0 170.25390625
--------------------------------------------------------------------------------
total  :              4062776 KiB
free   :              1071836 KiB
buffers:                 5836 KiB
cached :               273612 KiB


--------------------------------------------------------------------------------
vm1: 300.0 170.46484375
vm2: 300.0 170.578125
vm3: 300.0 170.41796875
vm4: 300.0 170.25390625
--------------------------------------------------------------------------------
total  :              4062776 KiB
free   :              1071724 KiB
buffers:                 5844 KiB
cached :               274176 KiB


--------------------------------------------------------------------------------
vm1: 300.0 170.46484375
vm2: 300.0 170.21484375
vm3: 300.0 170.41796875
vm4: 300.0 170.1328125
--------------------------------------------------------------------------------
total  :              4062776 KiB
free   :              1071568 KiB
buffers:                 5844 KiB
cached :               274184 KiB


--------------------------------------------------------------------------------
vm1: 300.0 170.49609375
vm2: 300.0 170.21484375
vm3: 300.0 170.41796875
vm4: 300.0 170.1328125
--------------------------------------------------------------------------------
total  :              4062776 KiB
free   :              1071264 KiB
buffers:                 5844 KiB
cached :               274184 KiB


--------------------------------------------------------------------------------
vm1: 300.0 170.49609375
vm2: 300.0 170.21484375
vm3: 300.0 170.41796875
vm4: 300.0 170.1328125
--------------------------------------------------------------------------------
total  :              4062776 KiB
free   :              1071052 KiB
buffers:                 5852 KiB
cached :               274188 KiB


--------------------------------------------------------------------------------
vm1: 300.0 170.49609375
vm2: 300.0 170.21484375
vm3: 300.0 170.41796875
vm4: 300.0 170.1328125
--------------------------------------------------------------------------------
total  :              4062776 KiB
free   :              1070796 KiB
buffers:                 5852 KiB
cached :               274200 KiB


--------------------------------------------------------------------------------
vm1: 300.0 170.49609375
vm2: 300.0 170.21484375
vm3: 300.0 170.41796875
vm4: 300.0 170.1328125
--------------------------------------------------------------------------------
total  :              4062776 KiB
free   :              1070896 KiB
buffers:                 5852 KiB
cached :               274200 KiB


--------------------------------------------------------------------------------
vm1: 300.0 170.49609375
vm2: 300.0 170.21484375
vm3: 300.0 170.44921875
vm4: 300.0 170.1328125
--------------------------------------------------------------------------------
total  :              4062776 KiB
free   :              1071116 KiB
buffers:                 5860 KiB
cached :               274204 KiB


--------------------------------------------------------------------------------
vm1: 300.0 170.49609375
vm2: 300.0 170.21484375
vm3: 300.0 170.44921875
vm4: 300.0 170.1328125
--------------------------------------------------------------------------------
total  :              4062776 KiB
free   :              1070872 KiB
buffers:                 5860 KiB
cached :               274204 KiB


--------------------------------------------------------------------------------
vm1: 300.0 170.49609375
vm2: 300.0 170.21484375
vm3: 300.0 170.44921875
vm4: 300.0 169.9453125
--------------------------------------------------------------------------------
total  :              4062776 KiB
free   :              1071088 KiB
buffers:                 5860 KiB
cached :               274208 KiB


--------------------------------------------------------------------------------
^Z
[1]+  Stopped                 python monitor.py
aperjump@aperjump-virtual-machine:~/Work/cs6210Project1_test/test/memory$ ls
[0m[01;32massignall.sh[0m  HowToDoTest.md  [01;32mmakeall.sh[0m   memory2.log  [01;32mmonitor.py[0m   [01;32mruntest2.py[0m  [01;34mtestcases[0m
[01;32mcleanall.sh[0m   [01;32mkillall.py[0m      memory1.log  memory3.log  [01;32mruntest1.py[0m  [01;32mruntest3.py[0m
aperjump@aperjump-virtual-machine:~/Work/cs6210Project1_test/test/memory$ rm memory4[K[Ky3.log 
aperjump@aperjump-virtual-machine:~/Work/cs6210Project1_test/test/memory$ script memory3.log
Script started, file is memory3.log
aperjump@aperjump-virtual-machine:~/Work/cs6210Project1_test/test/memory$ pt[Kython monitor.py 
vm1: 512.0 277.703125
vm2: 512.0 277.765625
vm3: 512.0 277.6953125
vm4: 512.0 277.48046875
--------------------------------------------------------------------------------
total  :              4062776 KiB
free   :              1116596 KiB
buffers:                 7024 KiB
cached :               320516 KiB


--------------------------------------------------------------------------------
vm1: 512.0 277.703125
vm2: 512.0 277.765625
vm3: 512.0 277.6953125
vm4: 512.0 277.51171875
--------------------------------------------------------------------------------
total  :              4062776 KiB
free   :              1116688 KiB
buffers:                 7024 KiB
cached :               320528 KiB


--------------------------------------------------------------------------------
vm1: 512.0 277.703125
vm2: 512.0 277.765625
vm3: 512.0 277.6953125
vm4: 512.0 277.51171875
--------------------------------------------------------------------------------
total  :              4062776 KiB
free   :              1115244 KiB
buffers:                 7032 KiB
cached :               320560 KiB


--------------------------------------------------------------------------------
vm1: 512.0 277.703125
vm2: 512.0 277.765625
vm3: 512.0 277.6953125
vm4: 512.0 277.51171875
--------------------------------------------------------------------------------
total  :              4062776 KiB
free   :              1114492 KiB
buffers:                 7032 KiB
cached :               320584 KiB


--------------------------------------------------------------------------------
vm1: 512.0 277.703125
vm2: 512.0 277.765625
vm3: 512.0 277.6953125
vm4: 512.0 277.51171875
--------------------------------------------------------------------------------
total  :              4062776 KiB
free   :              1112012 KiB
buffers:                 7032 KiB
cached :               320648 KiB


--------------------------------------------------------------------------------
vm1: 512.0 277.703125
vm2: 512.0 277.765625
vm3: 512.0 277.6953125
vm4: 512.0 277.51171875
--------------------------------------------------------------------------------
total  :              4062776 KiB
free   :              1111440 KiB
buffers:                 7044 KiB
cached :               320820 KiB


--------------------------------------------------------------------------------
vm1: 512.0 277.703125
vm2: 512.0 277.765625
vm3: 512.0 277.6953125
vm4: 512.0 277.51171875
--------------------------------------------------------------------------------
total  :              4062776 KiB
free   :              1111412 KiB
buffers:                 7052 KiB
cached :               320972 KiB


--------------------------------------------------------------------------------
vm1: 512.0 277.703125
vm2: 512.0 277.765625
vm3: 512.0 277.6953125
vm4: 512.0 277.51171875
--------------------------------------------------------------------------------
total  :              4062776 KiB
free   :              1069104 KiB
buffers:                 7052 KiB
cached :               321128 KiB


--------------------------------------------------------------------------------
vm1: 512.0 241.140625
vm2: 512.0 243.51171875
vm3: 512.0 271.8828125
vm4: 512.0 251.12109375
--------------------------------------------------------------------------------
total  :              4062776 KiB
free   :              1011812 KiB
buffers:                 7060 KiB
cached :               321936 KiB


--------------------------------------------------------------------------------
vm1: 616.75390625 260.11328125
vm2: 616.75390625 223.625
vm3: 616.75390625 192.08203125
vm4: 616.75390625 172.16796875
--------------------------------------------------------------------------------
total  :              4062776 KiB
free   :               700616 KiB
buffers:                 6768 KiB
cached :               276908 KiB


--------------------------------------------------------------------------------
vm1: 616.75390625 195.609375
vm2: 616.75390625 196.52734375
vm3: 616.75390625 219.20703125
vm4: 616.75390625 208.375
--------------------------------------------------------------------------------
total  :              4062776 KiB
free   :               596656 KiB
buffers:                 6768 KiB
cached :               276868 KiB


--------------------------------------------------------------------------------
vm1: 616.75390625 135.0625
vm2: 616.75390625 128.3515625
vm3: 616.75390625 154.421875
vm4: 616.75390625 148.19140625
--------------------------------------------------------------------------------
total  :              4062776 KiB
free   :               361196 KiB
buffers:                 6776 KiB
cached :               277192 KiB


--------------------------------------------------------------------------------
vm1: 616.75390625 74.515625
vm2: 616.75390625 64.77734375
vm3: 616.75390625 94.96484375
vm4: 616.75390625 86.0703125
--------------------------------------------------------------------------------
total  :              4062776 KiB
free   :               122288 KiB
buffers:                 6776 KiB
cached :               277184 KiB


--------------------------------------------------------------------------------
vm1: 616.75390625 72.8515625
vm2: 616.75390625 73.97265625
vm3: 616.75390625 67.484375
vm4: 616.75390625 71.66015625
--------------------------------------------------------------------------------
total  :              4062776 KiB
free   :               122156 KiB
buffers:                 6756 KiB
cached :               268284 KiB


--------------------------------------------------------------------------------
vm1: 616.75390625 66.7109375
vm2: 616.75390625 489.49609375
vm3: 616.75390625 492.1328125
vm4: 616.75390625 71.53125
--------------------------------------------------------------------------------
total  :              4062776 KiB
free   :               111576 KiB
buffers:                 6764 KiB
cached :               279668 KiB


--------------------------------------------------------------------------------
vm1: 616.75390625 486.79296875
vm2: 616.75390625 489.4921875
vm3: 616.75390625 489.5
vm4: 616.75390625 489.2890625
--------------------------------------------------------------------------------
total  :              4062776 KiB
free   :               109368 KiB
buffers:                 6764 KiB
cached :               281648 KiB


--------------------------------------------------------------------------------
vm1: 616.75390625 484.9765625
vm2: 616.75390625 487.58203125
vm3: 616.75390625 489.5
vm4: 616.75390625 489.2890625
--------------------------------------------------------------------------------
total  :              4062776 KiB
free   :               109228 KiB
buffers:                 6772 KiB
cached :               281648 KiB


--------------------------------------------------------------------------------
vm1: 446.1015625 314.32421875
vm2: 446.1015625 316.92578125
vm3: 446.1015625 316.9140625
vm4: 446.1015625 319.12890625
--------------------------------------------------------------------------------
total  :              4062776 KiB
free   :               303024 KiB
buffers:                 6772 KiB
cached :               281796 KiB


--------------------------------------------------------------------------------
vm1: 446.1015625 314.08203125
vm2: 446.1015625 316.68359375
vm3: 446.1015625 316.671875
vm4: 446.1015625 316.47265625
--------------------------------------------------------------------------------
total  :              4062776 KiB
free   :               302544 KiB
buffers:                 6772 KiB
cached :               282336 KiB


--------------------------------------------------------------------------------
vm1: 326.64453125 276.05859375
vm2: 326.64453125 277.69140625
vm3: 326.64453125 197.15234375
vm4: 326.64453125 316.47265625
--------------------------------------------------------------------------------
total  :              4062776 KiB
free   :               789136 KiB
buffers:                 6780 KiB
cached :               282328 KiB


--------------------------------------------------------------------------------
vm1: 326.64453125 194.48828125
vm2: 326.64453125 197.04296875
vm3: 326.64453125 197.03125
vm4: 326.64453125 197.07421875
--------------------------------------------------------------------------------
total  :              4062776 KiB
free   :               788936 KiB
buffers:                 6780 KiB
cached :               282644 KiB


--------------------------------------------------------------------------------
vm1: 326.64453125 194.48828125
vm2: 326.64453125 197.0
vm3: 326.64453125 197.0625
vm4: 326.64453125 196.953125
--------------------------------------------------------------------------------
total  :              4062776 KiB
free   :               788988 KiB
buffers:                 6780 KiB
cached :               282672 KiB


--------------------------------------------------------------------------------
vm1: 326.64453125 194.48828125
vm2: 300.0 170.48046875
vm3: 300.0 170.58984375
vm4: 300.0 170.19140625
--------------------------------------------------------------------------------
total  :              4062776 KiB
free   :               864468 KiB
buffers:                 6788 KiB
cached :               282684 KiB


--------------------------------------------------------------------------------
vm1: 326.64453125 194.51953125
vm2: 300.0 170.48046875
vm3: 300.0 170.58984375
vm4: 300.0 170.26953125
--------------------------------------------------------------------------------
total  :              4062776 KiB
free   :               864680 KiB
buffers:                 6788 KiB
cached :               282716 KiB


--------------------------------------------------------------------------------
vm1: 326.64453125 194.51953125
vm2: 300.0 170.48046875
vm3: 300.0 170.58984375
vm4: 300.0 170.26953125
--------------------------------------------------------------------------------
total  :              4062776 KiB
free   :               864592 KiB
buffers:                 6788 KiB
cached :               282716 KiB


--------------------------------------------------------------------------------
vm1: 326.64453125 194.51953125
vm2: 300.0 170.48046875
vm3: 300.0 170.58984375
vm4: 300.0 170.26953125
--------------------------------------------------------------------------------
total  :              4062776 KiB
free   :               864620 KiB
buffers:                 6796 KiB
cached :               282728 KiB


--------------------------------------------------------------------------------
vm1: 326.64453125 194.51953125
vm2: 300.0 170.48046875
vm3: 300.0 170.58984375
vm4: 300.0 170.26953125
--------------------------------------------------------------------------------
total  :              4062776 KiB
free   :               864608 KiB
buffers:                 6796 KiB
cached :               282724 KiB


--------------------------------------------------------------------------------
vm1: 326.64453125 194.51953125
vm2: 300.0 170.48046875
vm3: 300.0 170.58984375
vm4: 300.0 170.26953125
--------------------------------------------------------------------------------
total  :              4062776 KiB
free   :               864684 KiB
buffers:                 6796 KiB
cached :               282728 KiB


--------------------------------------------------------------------------------
vm1: 326.64453125 194.51953125
vm2: 300.0 170.48046875
vm3: 300.0 170.58984375
vm4: 300.0 170.26953125
--------------------------------------------------------------------------------
total  :              4062776 KiB
free   :               865216 KiB
buffers:                 6804 KiB
cached :               282728 KiB


--------------------------------------------------------------------------------
vm1: 326.64453125 194.51953125
vm2: 300.0 170.48046875
vm3: 300.0 170.58984375
vm4: 300.0 170.26953125
--------------------------------------------------------------------------------
total  :              4062776 KiB
free   :               865276 KiB
buffers:                 6804 KiB
cached :               282736 KiB


--------------------------------------------------------------------------------
vm1: 326.64453125 194.51953125
vm2: 300.0 170.48046875
vm3: 300.0 170.40234375
vm4: 300.0 170.26953125
--------------------------------------------------------------------------------
total  :              4062776 KiB
free   :               864676 KiB
buffers:                 6804 KiB
cached :               282740 KiB


--------------------------------------------------------------------------------
^Z
[1]+  Stopped                 python monitor.py
aperjump@aperjump-virtual-machine:~/Work/cs6210Project1_test/test/memory$ rm memory3.log 
aperjump@aperjump-virtual-machine:~/Work/cs6210Project1_test/test/memory$ script memory3.log
Script started, file is memory3.log
aperjump@aperjump-virtual-machine:~/Work/cs6210Project1_test/test/memory$ python monitor.py 
vm1: 512.0 384.7578125
vm2: 512.0 384.91015625
vm3: 512.0 385.0625
vm4: 512.0 384.82421875
--------------------------------------------------------------------------------
total  :              4062776 KiB
free   :               159652 KiB
buffers:                 7640 KiB
cached :               287320 KiB


--------------------------------------------------------------------------------
vm1: 512.0 384.7578125
vm2: 512.0 384.91015625
vm3: 512.0 384.69921875
vm4: 512.0 384.4609375
--------------------------------------------------------------------------------
total  :              4062776 KiB
free   :               159092 KiB
buffers:                 7640 KiB
cached :               287324 KiB


--------------------------------------------------------------------------------
vm1: 372.7734375 245.671875
vm2: 372.7734375 245.62890625
vm3: 372.7734375 310.34765625
vm4: 372.7734375 244.9609375
--------------------------------------------------------------------------------
total  :              4062776 KiB
free   :               702356 KiB
buffers:                 7648 KiB
cached :               287360 KiB


--------------------------------------------------------------------------------
vm1: 372.7734375 245.30859375
vm2: 372.7734375 245.62890625
vm3: 372.7734375 245.19921875
vm4: 372.7734375 244.83984375
--------------------------------------------------------------------------------
total  :              4062776 KiB
free   :               702604 KiB
buffers:                 7648 KiB
cached :               287376 KiB


--------------------------------------------------------------------------------
vm1: 372.7734375 245.33984375
vm2: 372.7734375 245.62890625
vm3: 372.7734375 245.19921875
vm4: 372.7734375 244.83984375
--------------------------------------------------------------------------------
total  :              4062776 KiB
free   :               739488 KiB
buffers:                 7656 KiB
cached :               287368 KiB


--------------------------------------------------------------------------------
vm1: 300.0 172.44140625
vm2: 300.0 172.76171875
vm3: 300.0 172.421875
vm4: 300.0 172.0625
--------------------------------------------------------------------------------
total  :              4062776 KiB
free   :               998248 KiB
buffers:                 7656 KiB
cached :               287380 KiB


--------------------------------------------------------------------------------
vm1: 300.0 172.44140625
vm2: 300.0 172.3984375
vm3: 300.0 172.33203125
vm4: 300.0 171.94140625
--------------------------------------------------------------------------------
total  :              4062776 KiB
free   :               998168 KiB
buffers:                 7656 KiB
cached :               287384 KiB


--------------------------------------------------------------------------------
vm1: 300.0 172.44140625
vm2: 300.0 172.3984375
vm3: 300.0 172.33203125
vm4: 300.0 171.97265625
--------------------------------------------------------------------------------
total  :              4062776 KiB
free   :               998440 KiB
buffers:                 7664 KiB
cached :               287392 KiB


--------------------------------------------------------------------------------
vm1: 300.0 172.44140625
vm2: 300.0 172.3984375
vm3: 300.0 172.33203125
vm4: 300.0 171.97265625
--------------------------------------------------------------------------------
total  :              4062776 KiB
free   :               998644 KiB
buffers:                 7664 KiB
cached :               287404 KiB


--------------------------------------------------------------------------------
vm1: 300.0 172.44140625
vm2: 300.0 172.3984375
vm3: 300.0 172.33203125
vm4: 300.0 171.97265625
--------------------------------------------------------------------------------
total  :              4062776 KiB
free   :               998808 KiB
buffers:                 7664 KiB
cached :               287420 KiB


--------------------------------------------------------------------------------
vm1: 300.0 172.44140625
vm2: 300.0 172.3984375
vm3: 300.0 172.33203125
vm4: 300.0 171.97265625
--------------------------------------------------------------------------------
total  :              4062776 KiB
free   :               998652 KiB
buffers:                 7672 KiB
cached :               287428 KiB


--------------------------------------------------------------------------------
vm1: 300.0 172.44140625
vm2: 300.0 172.3984375
vm3: 300.0 172.33203125
vm4: 300.0 171.97265625
--------------------------------------------------------------------------------
total  :              4062776 KiB
free   :               998900 KiB
buffers:                 7676 KiB
cached :               287424 KiB


--------------------------------------------------------------------------------
^Z
[1]+  Stopped                 python monitor.py
aperjump@aperjump-virtual-machine:~/Work/cs6210Project1_test/test/memory$ ls
[0m[01;32massignall.sh[0m  HowToDoTest.md  [01;32mmakeall.sh[0m   memory2.log  [01;32mmonitor.py[0m   [01;32mruntest2.py[0m  [01;34mtestcases[0m
[01;32mcleanall.sh[0m   [01;32mkillall.py[0m      memory1.log  memory3.log  [01;32mruntest1.py[0m  [01;32mruntest3.py[0m
aperjump@aperjump-virtual-machine:~/Work/cs6210Project1_test/test/memory$ ./[K[Krm memory3.log 
aperjump@aperjump-virtual-machine:~/Work/cs6210Project1_test/test/memory$ ls
[0m[01;32massignall.sh[0m  HowToDoTest.md  [01;32mmakeall.sh[0m   memory2.log  [01;32mruntest1.py[0m  [01;32mruntest3.py[0m
[01;32mcleanall.sh[0m   [01;32mkillall.py[0m      memory1.log  [01;32mmonitor.py[0m   [01;32mruntest2.py[0m  [01;34mtestcases[0m
aperjump@aperjump-virtual-machine:~/Work/cs6210Project1_test/test/memory$ script memory3.log
Script started, file is memory3.log
aperjump@aperjump-virtual-machine:~/Work/cs6210Project1_test/test/memory$ l[Ktmux newls[Ktmux new[Kpython monitor.py 
vm1: 512.0 384.75390625
vm2: 512.0 385.03515625
vm3: 512.0 385.15234375
vm4: 512.0 384.78125
--------------------------------------------------------------------------------
total  :              4062776 KiB
free   :               249800 KiB
buffers:                12008 KiB
cached :               326560 KiB


--------------------------------------------------------------------------------
vm1: 512.0 384.75390625
vm2: 512.0 385.03515625
vm3: 512.0 385.18359375
vm4: 512.0 384.78125
--------------------------------------------------------------------------------
total  :              4062776 KiB
free   :               249768 KiB
buffers:                12016 KiB
cached :               326552 KiB


--------------------------------------------------------------------------------
vm1: 512.0 384.75390625
vm2: 512.0 385.03515625
vm3: 512.0 385.18359375
vm4: 512.0 384.78125
--------------------------------------------------------------------------------
total  :              4062776 KiB
free   :               249744 KiB
buffers:                12016 KiB
cached :               326568 KiB


--------------------------------------------------------------------------------
vm1: 512.0 384.75390625
vm2: 512.0 385.03515625
vm3: 512.0 385.18359375
vm4: 512.0 384.78125
--------------------------------------------------------------------------------
total  :              4062776 KiB
free   :               249536 KiB
buffers:                12016 KiB
cached :               326572 KiB


--------------------------------------------------------------------------------
vm1: 512.0 384.75390625
vm2: 512.0 385.03515625
vm3: 512.0 385.18359375
vm4: 512.0 384.78125
--------------------------------------------------------------------------------
total  :              4062776 KiB
free   :               249324 KiB
buffers:                12024 KiB
cached :               326572 KiB


--------------------------------------------------------------------------------
vm1: 372.7734375 245.4609375
vm2: 372.7734375 246.3828125
vm3: 372.7734375 246.2890625
vm4: 372.7734375 245.92578125
--------------------------------------------------------------------------------
total  :              4062776 KiB
free   :               813400 KiB
buffers:                12024 KiB
cached :               326576 KiB


--------------------------------------------------------------------------------
vm1: 372.7734375 245.4609375
vm2: 372.7734375 246.3828125
vm3: 372.7734375 246.2890625
vm4: 372.7734375 245.92578125
--------------------------------------------------------------------------------
total  :              4062776 KiB
free   :               813676 KiB
buffers:                12024 KiB
cached :               326588 KiB


--------------------------------------------------------------------------------
vm1: 300.0 172.68359375
vm2: 300.0 173.60546875
vm3: 300.0 246.2890625
vm4: 300.0 173.1484375
--------------------------------------------------------------------------------
total  :              4062776 KiB
free   :              1110136 KiB
buffers:                12032 KiB
cached :               326584 KiB


--------------------------------------------------------------------------------
vm1: 300.0 172.68359375
vm2: 300.0 173.60546875
vm3: 300.0 173.51171875
vm4: 300.0 173.1484375
--------------------------------------------------------------------------------
total  :              4062776 KiB
free   :              1109796 KiB
buffers:                12032 KiB
cached :               326592 KiB


--------------------------------------------------------------------------------
vm1: 300.0 172.68359375
vm2: 300.0 173.60546875
vm3: 300.0 173.51171875
vm4: 300.0 173.1484375
--------------------------------------------------------------------------------
total  :              4062776 KiB
free   :              1109732 KiB
buffers:                12032 KiB
cached :               326628 KiB


--------------------------------------------------------------------------------
vm1: 300.0 172.68359375
vm2: 300.0 173.60546875
vm3: 300.0 173.51171875
vm4: 300.0 173.1484375
--------------------------------------------------------------------------------
total  :              4062776 KiB
free   :              1109660 KiB
buffers:                12032 KiB
cached :               326636 KiB


--------------------------------------------------------------------------------
vm1: 300.0 172.71484375
vm2: 300.0 173.60546875
vm3: 300.0 173.51171875
vm4: 300.0 173.1484375
--------------------------------------------------------------------------------
total  :              4062776 KiB
free   :              1109720 KiB
buffers:                12040 KiB
cached :               326636 KiB


--------------------------------------------------------------------------------
vm1: 300.0 172.71484375
vm2: 300.0 173.60546875
vm3: 300.0 173.51171875
vm4: 300.0 173.1484375
--------------------------------------------------------------------------------
total  :              4062776 KiB
free   :              1109640 KiB
buffers:                12040 KiB
cached :               326644 KiB


--------------------------------------------------------------------------------
vm1: 300.0 172.71484375
vm2: 300.0 173.36328125
vm3: 300.0 173.51171875
vm4: 300.0 173.1484375
--------------------------------------------------------------------------------
total  :              4062776 KiB
free   :              1109452 KiB
buffers:                12040 KiB
cached :               326648 KiB


--------------------------------------------------------------------------------
vm1: 300.0 172.71484375
vm2: 300.0 173.36328125
vm3: 300.0 173.51171875
vm4: 300.0 173.1484375
--------------------------------------------------------------------------------
total  :              4062776 KiB
free   :              1109512 KiB
buffers:                12048 KiB
cached :               326648 KiB


--------------------------------------------------------------------------------
vm1: 300.0 172.71484375
vm2: 300.0 173.36328125
vm3: 300.0 173.51171875
vm4: 300.0 173.1484375
--------------------------------------------------------------------------------
total  :              4062776 KiB
free   :              1110232 KiB
buffers:                12048 KiB
cached :               326652 KiB


--------------------------------------------------------------------------------
vm1: 300.0 172.71484375
vm2: 300.0 173.36328125
vm3: 300.0 173.51171875
vm4: 300.0 173.1484375
--------------------------------------------------------------------------------
total  :              4062776 KiB
free   :              1110160 KiB
buffers:                12048 KiB
cached :               326672 KiB


--------------------------------------------------------------------------------
vm1: 300.0 171.51953125
vm2: 300.0 173.39453125
vm3: 300.0 173.51171875
vm4: 300.0 173.1484375
--------------------------------------------------------------------------------
total  :              4062776 KiB
free   :              1110184 KiB
buffers:                12056 KiB
cached :               326672 KiB


--------------------------------------------------------------------------------
vm1: 300.0 171.51953125
vm2: 300.0 172.19921875
vm3: 300.0 173.51171875
vm4: 300.0 173.1484375
--------------------------------------------------------------------------------
total  :              4062776 KiB
free   :              1109900 KiB
buffers:                12056 KiB
cached :               326676 KiB


--------------------------------------------------------------------------------
vm1: 300.0 170.671875
vm2: 300.0 171.109375
vm3: 300.0 171.62109375
vm4: 300.0 172.1796875
--------------------------------------------------------------------------------
total  :              4062776 KiB
free   :              1109648 KiB
buffers:                12056 KiB
cached :               326880 KiB


--------------------------------------------------------------------------------
vm1: 300.0 170.671875
vm2: 300.0 171.109375
vm3: 300.0 171.62109375
vm4: 300.0 171.37890625
--------------------------------------------------------------------------------
total  :              4062776 KiB
free   :              1109524 KiB
buffers:                12064 KiB
cached :               326880 KiB


--------------------------------------------------------------------------------
vm1: 300.0 170.671875
vm2: 300.0 171.109375
vm3: 300.0 171.62109375
vm4: 300.0 171.37890625
--------------------------------------------------------------------------------
total  :              4062776 KiB
free   :              1109524 KiB
buffers:                12064 KiB
cached :               326896 KiB


--------------------------------------------------------------------------------
vm1: 300.0 167.765625
vm2: 300.0 168.203125
vm3: 300.0 171.62109375
vm4: 300.0 171.37890625
--------------------------------------------------------------------------------
total  :              4062776 KiB
free   :              1109372 KiB
buffers:                12064 KiB
cached :               326952 KiB


--------------------------------------------------------------------------------
vm1: 300.0 167.765625
vm2: 300.0 168.203125
vm3: 300.0 168.3515625
vm4: 300.0 171.37890625
--------------------------------------------------------------------------------
total  :              4062776 KiB
free   :              1109588 KiB
buffers:                12064 KiB
cached :               327076 KiB


--------------------------------------------------------------------------------
vm1: 300.0 167.765625
vm2: 300.0 168.203125
vm3: 300.0 168.3515625
vm4: 300.0 168.109375
--------------------------------------------------------------------------------
total  :              4062776 KiB
free   :              1109344 KiB
buffers:                12072 KiB
cached :               327080 KiB


--------------------------------------------------------------------------------
vm1: 300.0 167.765625
vm2: 300.0 168.203125
vm3: 300.0 168.3515625
vm4: 300.0 168.109375
--------------------------------------------------------------------------------
total  :              4062776 KiB
free   :              1109436 KiB
buffers:                12072 KiB
cached :               327084 KiB


--------------------------------------------------------------------------------
vm1: 300.0 167.765625
vm2: 300.0 168.203125
vm3: 300.0 168.3515625
vm4: 300.0 168.109375
--------------------------------------------------------------------------------
total  :              4062776 KiB
free   :              1109160 KiB
buffers:                12072 KiB
cached :               327088 KiB


--------------------------------------------------------------------------------
vm1: 300.0 167.765625
vm2: 300.0 168.203125
vm3: 300.0 168.3515625
vm4: 300.0 168.109375
--------------------------------------------------------------------------------
total  :              4062776 KiB
free   :              1109184 KiB
buffers:                12080 KiB
cached :               327088 KiB


--------------------------------------------------------------------------------
vm1: 300.0 167.765625
vm2: 300.0 168.203125
vm3: 300.0 168.3515625
vm4: 300.0 168.109375
--------------------------------------------------------------------------------
total  :              4062776 KiB
free   :              1109428 KiB
buffers:                12080 KiB
cached :               327092 KiB


--------------------------------------------------------------------------------
vm1: 300.0 167.765625
vm2: 300.0 168.203125
vm3: 300.0 168.3515625
vm4: 300.0 168.109375
--------------------------------------------------------------------------------
total  :              4062776 KiB
free   :              1109504 KiB
buffers:                12080 KiB
cached :               327092 KiB


--------------------------------------------------------------------------------
vm1: 300.0 167.765625
vm2: 300.0 168.203125
vm3: 300.0 168.3515625
vm4: 300.0 168.109375
--------------------------------------------------------------------------------
total  :              4062776 KiB
free   :              1110036 KiB
buffers:                12088 KiB
cached :               327088 KiB


--------------------------------------------------------------------------------
vm1: 300.0 167.765625
vm2: 300.0 168.203125
vm3: 300.0 168.3515625
vm4: 300.0 168.109375
--------------------------------------------------------------------------------
total  :              4062776 KiB
free   :              1105652 KiB
buffers:                12088 KiB
cached :               327104 KiB


--------------------------------------------------------------------------------
vm1: 300.0 167.796875
vm2: 300.0 168.203125
vm3: 300.0 168.3515625
vm4: 300.0 168.109375
--------------------------------------------------------------------------------
total  :              4062776 KiB
free   :              1105416 KiB
buffers:                12088 KiB
cached :               327112 KiB


--------------------------------------------------------------------------------
vm1: 300.0 167.796875
vm2: 300.0 168.203125
vm3: 300.0 168.3515625
vm4: 300.0 168.109375
--------------------------------------------------------------------------------
total  :              4062776 KiB
free   :              1104980 KiB
buffers:                12096 KiB
cached :               327116 KiB


--------------------------------------------------------------------------------
vm1: 300.0 167.796875
vm2: 300.0 168.203125
vm3: 300.0 168.3515625
vm4: 300.0 168.109375
--------------------------------------------------------------------------------
total  :              4062776 KiB
free   :              1105312 KiB
buffers:                12096 KiB
cached :               327116 KiB


--------------------------------------------------------------------------------
vm1: 300.0 167.796875
vm2: 300.0 168.203125
vm3: 300.0 168.3515625
vm4: 300.0 168.109375
--------------------------------------------------------------------------------
total  :              4062776 KiB
free   :              1105664 KiB
buffers:                12096 KiB
cached :               327120 KiB


--------------------------------------------------------------------------------
vm1: 300.0 167.796875
vm2: 300.0 168.203125
vm3: 300.0 168.3515625
vm4: 300.0 168.109375
--------------------------------------------------------------------------------
total  :              4062776 KiB
free   :              1109856 KiB
buffers:                12104 KiB
cached :               327120 KiB


--------------------------------------------------------------------------------
vm1: 300.0 167.796875
vm2: 300.0 168.234375
vm3: 300.0 168.3515625
vm4: 300.0 168.109375
--------------------------------------------------------------------------------
total  :              4062776 KiB
free   :              1109916 KiB
buffers:                12104 KiB
cached :               327120 KiB


--------------------------------------------------------------------------------
vm1: 300.0 167.796875
vm2: 300.0 168.234375
vm3: 300.0 168.3515625
vm4: 300.0 168.109375
--------------------------------------------------------------------------------
total  :              4062776 KiB
free   :              1109604 KiB
buffers:                12104 KiB
cached :               327124 KiB


--------------------------------------------------------------------------------
vm1: 300.0 167.796875
vm2: 300.0 168.234375
vm3: 300.0 168.3515625
vm4: 300.0 168.109375
--------------------------------------------------------------------------------
total  :              4062776 KiB
free   :              1109872 KiB
buffers:                12116 KiB
cached :               327124 KiB


--------------------------------------------------------------------------------
vm1: 300.0 167.796875
vm2: 300.0 168.234375
vm3: 300.0 168.3828125
vm4: 300.0 168.109375
--------------------------------------------------------------------------------
total  :              4062776 KiB
free   :              1107812 KiB
buffers:                12116 KiB
cached :               328560 KiB


--------------------------------------------------------------------------------
vm1: 300.0 167.796875
vm2: 300.0 168.234375
vm3: 300.0 168.3828125
vm4: 300.0 168.140625
--------------------------------------------------------------------------------
total  :              4062776 KiB
free   :              1107772 KiB
buffers:                1